[musicforgood.tv/index.html]
[backblue.gif]
[fade.gif]
[index.html]
[musicforgood.tv/feed/index.html]
[musicforgood.tv/comments/feed/index.html]
[ajax.googleapis.com/ajax/libs/jquery/1.6.4/jquery2745.js]
[apis.google.com/js/plusonecf1b.js]
[musicforgood.tv/xmlrpc0db0.php]
[musicforgood.tv/wp-json/index.html]
[musicforgood.tv/wp-includes/wlwmanifest.xml]
[musicforgood.tv/wp-content/uploads/2012/02/music_logo_final.jpg]
[musicforgood.tv/wp-content/uploads/2018/07/Yoshiki-Carnegie-Hall.jpg]
[musicforgood.tv/about/index.html]
[musicforgood.tv/wp-content/uploads/2018/07/ChrisThile_FLOW.jpg]
[musicforgood.tv/good-music/index.html]
[musicforgood.tv/doing-good/index.html]
[musicforgood.tv/interviews/index.html]
[musicforgood.tv/videos/index.html]
[musicforgood.tv/wp-content/uploads/2018/07/ChrisThile_FLOW-1024x682.jpg]
[musicforgood.tv/portfolio/index.html]
[musicforgood.tv/contact/index.html]
[musicforgood.tv/wp-content/uploads/2018/07/2015Chvrches_Press_1_160915-920x610.jpg]
[musicforgood.tv/2018/07/yoshiki-donates-10-million-yen-to-help-japanese-flood-victims/index.html]
[musicforgood.tv/wp-content/uploads/2018/07/2015Chvrches_Press_1_160915-920x610-300x199.jpg]
[platform.twitter.com/widgets.js]
[musicforgood.tv/wp-content/uploads/2018/07/america-ferrera-alicia-keys.jpg]
[musicforgood.tv/category/news/index.html]
[musicforgood.tv/tag/japanese-flood-2018/index.html]
[musicforgood.tv/tag/x-japan/index.html]
[musicforgood.tv/tag/red-cross/index.html]
[musicforgood.tv/wp-content/uploads/2018/07/america-ferrera-alicia-keys-300x200.jpg]
[musicforgood.tv/tag/yoshiki/index.html]
[musicforgood.tv/2018/07/punch-brothers-and-nickel-creek-frontman-chris-thile-gives-rare-solo-performance-supporting-the-great-lakes/index.html]
[musicforgood.tv/wp-content/uploads/2018/06/JackWhite_Cincinatti.jpg]
[musicforgood.tv/wp-content/uploads/2018/06/JackWhite_Cincinatti-683x1024.jpg]
[musicforgood.tv/wp-content/uploads/2018/06/JackWhite_Cincinatti2.jpg]
[musicforgood.tv/tag/a-prairie-home-companion/index.html]
[musicforgood.tv/wp-content/uploads/2018/06/JackWhite_Cincinatti2-300x200.jpg]
[musicforgood.tv/tag/chris-thile/index.html]
[musicforgood.tv/wp-content/uploads/2017/03/JackJohnson.jpg]
[musicforgood.tv/tag/flow/index.html]
[musicforgood.tv/tag/for-love-of-water/index.html]
[musicforgood.tv/wp-content/uploads/2017/03/JackJohnson-1024x576.jpg]
[musicforgood.tv/tag/great-lakes-benefit/index.html]
[musicforgood.tv/tag/live-from-here/index.html]
[musicforgood.tv/wp-content/uploads/2016/03/IMG_0227_PhotoMaxTischler.jpg]
[musicforgood.tv/tag/nickel-creek/index.html]
[musicforgood.tv/wp-content/uploads/2016/03/IMG_0227_PhotoMaxTischler-300x225.jpg]
[musicforgood.tv/tag/npr/index.html]
[musicforgood.tv/tag/punch-brothers/index.html]
[musicforgood.tv/wp-content/uploads/2018/04/metallica.jpg]
[musicforgood.tv/2018/07/musicians-show-their-support-for-immigrants-in-wake-of-zero-tolerance-immigration-policy/index.html]
[musicforgood.tv/wp-content/uploads/2018/04/metallica-300x169.jpg]
[musicforgood.tv/wp-content/uploads/2018/04/imagine_dragons_eliot_lee_hazel4627_copy.jpg]
[musicforgood.tv/wp-content/uploads/2018/04/imagine_dragons_eliot_lee_hazel4627_copy-300x200.jpg]
[musicforgood.tv/wp-content/uploads/2018/03/HS.jpg]
[musicforgood.tv/wp-content/uploads/2018/03/HS-225x300.jpg]
[musicforgood.tv/tag/alicia-keys/index.html]
[musicforgood.tv/wp-content/uploads/2018/01/ShirleyManson_GIRLSCHOOL2017_MG_5594.jpg]
[musicforgood.tv/tag/chvrches/index.html]
[musicforgood.tv/wp-content/uploads/2018/01/ShirleyManson_GIRLSCHOOL2017_MG_5594-300x200.jpg]
[musicforgood.tv/tag/common/index.html]
[musicforgood.tv/wp-content/uploads/2018/01/ANNA-BULBROOK-GIRLSCHOOL_8thNov_CharlottePatmore_21.jpg]
[musicforgood.tv/index.html]
[musicforgood.tv/wp-content/themes/bugis/style.css]
[musicforgood.tv/wp-content/themes/bugis/print.css]
[musicforgood.tv/wp-content/plugins/jetpack/modules/widgets/widgets4627.css]
[musicforgood.tv/wp-content/plugins/jetpack/modules/sharedaddy/sharing254d.css]
[musicforgood.tv/about/index.html]
[musicforgood.tv/good-music/index.html]
[musicforgood.tv/interviews/index.html]
[musicforgood.tv/doing-good/index.html]
[musicforgood.tv/videos/index.html]
[musicforgood.tv/portfolio/index.html]
[musicforgood.tv/contact/index.html]
[musicforgood.tv/2018/07/yoshiki-donates-10-million-yen-to-help-japanese-flood-victims/index.html]
[musicforgood.tv/2018/07/yoshiki-donates-10-million-yen-to-help-japanese-flood-victims/index386f.html]
[musicforgood.tv/2018/07/yoshiki-donates-10-million-yen-to-help-japanese-flood-victims/index5a58.html]
[musicforgood.tv/2018/07/yoshiki-donates-10-million-yen-to-help-japanese-flood-victims/index9a7b.html]
[musicforgood.tv/2018/07/yoshiki-donates-10-million-yen-to-help-japanese-flood-victims/index3538.html]
[musicforgood.tv/2018/07/yoshiki-donates-10-million-yen-to-help-japanese-flood-victims/index297b.html]
[musicforgood.tv/2018/07/yoshiki-donates-10-million-yen-to-help-japanese-flood-victims/index9f21.html]
[musicforgood.tv/category/news/index.html]
[musicforgood.tv/tag/japanese-flood-2018/index.html]
[musicforgood.tv/tag/red-cross/index.html]
[musicforgood.tv/tag/x-japan/index.html]
[musicforgood.tv/tag/yoshiki/index.html]
[musicforgood.tv/2018/07/punch-brothers-and-nickel-creek-frontman-chris-thile-gives-rare-solo-performance-supporting-the-great-lakes/index.html]
[musicforgood.tv/2018/07/punch-brothers-and-nickel-creek-frontman-chris-thile-gives-rare-solo-performance-supporting-the-great-lakes/index386f.html]
[musicforgood.tv/2018/07/punch-brothers-and-nickel-creek-frontman-chris-thile-gives-rare-solo-performance-supporting-the-great-lakes/index5a58.html]
[musicforgood.tv/2018/07/punch-brothers-and-nickel-creek-frontman-chris-thile-gives-rare-solo-performance-supporting-the-great-lakes/index9a7b.html]
[musicforgood.tv/2018/07/punch-brothers-and-nickel-creek-frontman-chris-thile-gives-rare-solo-performance-supporting-the-great-lakes/index3538.html]
[musicforgood.tv/2018/07/punch-brothers-and-nickel-creek-frontman-chris-thile-gives-rare-solo-performance-supporting-the-great-lakes/index297b.html]
[musicforgood.tv/2018/07/punch-brothers-and-nickel-creek-frontman-chris-thile-gives-rare-solo-performance-supporting-the-great-lakes/index9f21.html]
[musicforgood.tv/tag/a-prairie-home-companion/index.html]
[musicforgood.tv/tag/chris-thile/index.html]
[musicforgood.tv/tag/flow/index.html]
[musicforgood.tv/tag/for-love-of-water/index.html]
[musicforgood.tv/tag/great-lakes-benefit/index.html]
[musicforgood.tv/tag/live-from-here/index.html]
[musicforgood.tv/tag/nickel-creek/index.html]
[musicforgood.tv/tag/npr/index.html]
[musicforgood.tv/tag/punch-brothers/index.html]
[musicforgood.tv/2018/07/musicians-show-their-support-for-immigrants-in-wake-of-zero-tolerance-immigration-policy/index.html]
[musicforgood.tv/2018/07/musicians-show-their-support-for-immigrants-in-wake-of-zero-tolerance-immigration-policy/index386f.html]
[musicforgood.tv/2018/07/musicians-show-their-support-for-immigrants-in-wake-of-zero-tolerance-immigration-policy/index5a58.html]
[musicforgood.tv/2018/07/musicians-show-their-support-for-immigrants-in-wake-of-zero-tolerance-immigration-policy/index9a7b.html]
[musicforgood.tv/2018/07/musicians-show-their-support-for-immigrants-in-wake-of-zero-tolerance-immigration-policy/index3538.html]
[musicforgood.tv/2018/07/musicians-show-their-support-for-immigrants-in-wake-of-zero-tolerance-immigration-policy/index297b.html]
[musicforgood.tv/2018/07/musicians-show-their-support-for-immigrants-in-wake-of-zero-tolerance-immigration-policy/index9f21.html]
[musicforgood.tv/tag/alicia-keys/index.html]
[musicforgood.tv/tag/chvrches/index.html]
[musicforgood.tv/tag/common/index.html]
